Type violation in 1
Type violation in 2
Type violation in 5
Type violation in 10
Type violation in 11
Type violation in 14
Type violation in 15
Type violation in 18
Type violation in 19
Type violation in 22
Type violation in 23
Type violation in 26
Type violation in 27
Type violation in 30
Type violation in 31
Type violation in 34
Type violation in 35
Type violation in 38
Type violation in 39
Type violation in 42
Type violation in 43
